// Jest Snapshot v1, https://goo.gl/fbAQLP

exports[`Button test cases Render check 1`] = `[Function]`;
